
Allocating common symbols
Common symbol       size              file

counter0            0x4               ..\obj\main.o
counter1            0x4               ..\obj\main.o
ADC_InitStructure   0x18              ..\obj\main.o
GPIO_InitStructure  0x8               ..\obj\main.o
DMA_InitStructure   0x3c              ..\obj\main.o
ADC_CommonInitStructure
                    0x10              ..\obj\main.o

Discarded input sections

 .text          0x00000000        0x0 ..\obj\startup_stm32f4xx.o
 .data          0x00000000        0x0 ..\obj\startup_stm32f4xx.o
 .bss           0x00000000        0x0 ..\obj\startup_stm32f4xx.o
 .text          0x00000000        0x0 ..\obj\main.o
 .data          0x00000000        0x0 ..\obj\main.o
 .text          0x00000000        0x0 ..\obj\stm32f4xx_rcc.o
 .data          0x00000000       0x10 ..\obj\stm32f4xx_rcc.o
 .bss           0x00000000        0x0 ..\obj\stm32f4xx_rcc.o
 .text.RCC_DeInit
                0x00000000       0x70 ..\obj\stm32f4xx_rcc.o
 .text.RCC_HSEConfig
                0x00000000       0x24 ..\obj\stm32f4xx_rcc.o
 .text.RCC_WaitForHSEStartUp
                0x00000000       0x50 ..\obj\stm32f4xx_rcc.o
 .text.RCC_AdjustHSICalibrationValue
                0x00000000       0x3c ..\obj\stm32f4xx_rcc.o
 .text.RCC_HSICmd
                0x00000000       0x20 ..\obj\stm32f4xx_rcc.o
 .text.RCC_LSEConfig
                0x00000000       0x40 ..\obj\stm32f4xx_rcc.o
 .text.RCC_LSICmd
                0x00000000       0x20 ..\obj\stm32f4xx_rcc.o
 .text.RCC_PLLConfig
                0x00000000       0x3c ..\obj\stm32f4xx_rcc.o
 .text.RCC_PLLCmd
                0x00000000       0x20 ..\obj\stm32f4xx_rcc.o
 .text.RCC_PLLI2SConfig
                0x00000000       0x30 ..\obj\stm32f4xx_rcc.o
 .text.RCC_PLLI2SCmd
                0x00000000       0x20 ..\obj\stm32f4xx_rcc.o
 .text.RCC_PLLSAIConfig
                0x00000000       0x30 ..\obj\stm32f4xx_rcc.o
 .text.RCC_PLLSAICmd
                0x00000000       0x20 ..\obj\stm32f4xx_rcc.o
 .text.RCC_ClockSecuritySystemCmd
                0x00000000       0x20 ..\obj\stm32f4xx_rcc.o
 .text.RCC_MCO1Config
                0x00000000       0x3c ..\obj\stm32f4xx_rcc.o
 .text.RCC_MCO2Config
                0x00000000       0x3c ..\obj\stm32f4xx_rcc.o
 .text.RCC_SYSCLKConfig
                0x00000000       0x38 ..\obj\stm32f4xx_rcc.o
 .text.RCC_GetSYSCLKSource
                0x00000000       0x20 ..\obj\stm32f4xx_rcc.o
 .text.RCC_HCLKConfig
                0x00000000       0x38 ..\obj\stm32f4xx_rcc.o
 .text.RCC_PCLK1Config
                0x00000000       0x38 ..\obj\stm32f4xx_rcc.o
 .text.RCC_PCLK2Config
                0x00000000       0x38 ..\obj\stm32f4xx_rcc.o
 .text.RCC_GetClocksFreq
                0x00000000      0x154 ..\obj\stm32f4xx_rcc.o
 .text.RCC_RTCCLKConfig
                0x00000000       0x5c ..\obj\stm32f4xx_rcc.o
 .text.RCC_RTCCLKCmd
                0x00000000       0x20 ..\obj\stm32f4xx_rcc.o
 .text.RCC_BackupResetCmd
                0x00000000       0x20 ..\obj\stm32f4xx_rcc.o
 .text.RCC_I2SCLKConfig
                0x00000000       0x1c ..\obj\stm32f4xx_rcc.o
 .text.RCC_SAIPLLI2SClkDivConfig
                0x00000000       0x3c ..\obj\stm32f4xx_rcc.o
 .text.RCC_SAIPLLSAIClkDivConfig
                0x00000000       0x40 ..\obj\stm32f4xx_rcc.o
 .text.RCC_SAIBlockACLKConfig
                0x00000000       0x3c ..\obj\stm32f4xx_rcc.o
 .text.RCC_SAIBlockBCLKConfig
                0x00000000       0x3c ..\obj\stm32f4xx_rcc.o
 .text.RCC_LTDCCLKDivConfig
                0x00000000       0x3c ..\obj\stm32f4xx_rcc.o
 .text.RCC_TIMCLKPresConfig
                0x00000000       0x1c ..\obj\stm32f4xx_rcc.o
 .text.RCC_AHB2PeriphClockCmd
                0x00000000       0x3c ..\obj\stm32f4xx_rcc.o
 .text.RCC_AHB3PeriphClockCmd
                0x00000000       0x3c ..\obj\stm32f4xx_rcc.o
 .text.RCC_APB1PeriphClockCmd
                0x00000000       0x3c ..\obj\stm32f4xx_rcc.o
 .text.RCC_AHB1PeriphResetCmd
                0x00000000       0x3c ..\obj\stm32f4xx_rcc.o
 .text.RCC_AHB2PeriphResetCmd
                0x00000000       0x3c ..\obj\stm32f4xx_rcc.o
 .text.RCC_AHB3PeriphResetCmd
                0x00000000       0x3c ..\obj\stm32f4xx_rcc.o
 .text.RCC_APB1PeriphResetCmd
                0x00000000       0x3c ..\obj\stm32f4xx_rcc.o
 .text.RCC_APB2PeriphResetCmd
                0x00000000       0x3c ..\obj\stm32f4xx_rcc.o
 .text.RCC_AHB1PeriphClockLPModeCmd
                0x00000000       0x3c ..\obj\stm32f4xx_rcc.o
 .text.RCC_AHB2PeriphClockLPModeCmd
                0x00000000       0x3c ..\obj\stm32f4xx_rcc.o
 .text.RCC_AHB3PeriphClockLPModeCmd
                0x00000000       0x3c ..\obj\stm32f4xx_rcc.o
 .text.RCC_APB1PeriphClockLPModeCmd
                0x00000000       0x3c ..\obj\stm32f4xx_rcc.o
 .text.RCC_APB2PeriphClockLPModeCmd
                0x00000000       0x3c ..\obj\stm32f4xx_rcc.o
 .text.RCC_ITConfig
                0x00000000       0x4c ..\obj\stm32f4xx_rcc.o
 .text.RCC_GetFlagStatus
                0x00000000       0x74 ..\obj\stm32f4xx_rcc.o
 .text.RCC_ClearFlag
                0x00000000       0x1c ..\obj\stm32f4xx_rcc.o
 .text.RCC_GetITStatus
                0x00000000       0x38 ..\obj\stm32f4xx_rcc.o
 .text.RCC_ClearITPendingBit
                0x00000000       0x20 ..\obj\stm32f4xx_rcc.o
 .text          0x00000000        0x0 ..\obj\stm32f4xx_adc.o
 .data          0x00000000        0x0 ..\obj\stm32f4xx_adc.o
 .bss           0x00000000        0x0 ..\obj\stm32f4xx_adc.o
 .text.ADC_DeInit
                0x00000000       0x1c ..\obj\stm32f4xx_adc.o
 .text.ADC_StructInit
                0x00000000       0x3c ..\obj\stm32f4xx_adc.o
 .text.ADC_CommonStructInit
                0x00000000       0x2c ..\obj\stm32f4xx_adc.o
 .text.ADC_AnalogWatchdogCmd
                0x00000000       0x38 ..\obj\stm32f4xx_adc.o
 .text.ADC_AnalogWatchdogThresholdsConfig
                0x00000000       0x28 ..\obj\stm32f4xx_adc.o
 .text.ADC_AnalogWatchdogSingleChannelConfig
                0x00000000       0x38 ..\obj\stm32f4xx_adc.o
 .text.ADC_TempSensorVrefintCmd
                0x00000000       0x38 ..\obj\stm32f4xx_adc.o
 .text.ADC_VBATCmd
                0x00000000       0x38 ..\obj\stm32f4xx_adc.o
 .text.ADC_GetSoftwareStartConvStatus
                0x00000000       0x30 ..\obj\stm32f4xx_adc.o
 .text.ADC_EOCOnEachRegularChannelCmd
                0x00000000       0x38 ..\obj\stm32f4xx_adc.o
 .text.ADC_ContinuousModeCmd
                0x00000000       0x38 ..\obj\stm32f4xx_adc.o
 .text.ADC_DiscModeChannelCountConfig
                0x00000000       0x44 ..\obj\stm32f4xx_adc.o
 .text.ADC_DiscModeCmd
                0x00000000       0x38 ..\obj\stm32f4xx_adc.o
 .text.ADC_GetConversionValue
                0x00000000       0x1c ..\obj\stm32f4xx_adc.o
 .text.ADC_GetMultiModeConversionValue
                0x00000000       0x18 ..\obj\stm32f4xx_adc.o
 .text.ADC_MultiModeDMARequestAfterLastTransferCmd
                0x00000000       0x38 ..\obj\stm32f4xx_adc.o
 .text.ADC_InjectedChannelConfig
                0x00000000      0x120 ..\obj\stm32f4xx_adc.o
 .text.ADC_InjectedSequencerLengthConfig
                0x00000000       0x44 ..\obj\stm32f4xx_adc.o
 .text.ADC_SetInjectedOffset
                0x00000000       0x34 ..\obj\stm32f4xx_adc.o
 .text.ADC_ExternalTrigInjectedConvConfig
                0x00000000       0x34 ..\obj\stm32f4xx_adc.o
 .text.ADC_ExternalTrigInjectedConvEdgeConfig
                0x00000000       0x34 ..\obj\stm32f4xx_adc.o
 .text.ADC_SoftwareStartInjectedConv
                0x00000000       0x20 ..\obj\stm32f4xx_adc.o
 .text.ADC_GetSoftwareStartInjectedConvCmdStatus
                0x00000000       0x30 ..\obj\stm32f4xx_adc.o
 .text.ADC_AutoInjectedConvCmd
                0x00000000       0x38 ..\obj\stm32f4xx_adc.o
 .text.ADC_InjectedDiscModeCmd
                0x00000000       0x38 ..\obj\stm32f4xx_adc.o
 .text.ADC_GetInjectedConversionValue
                0x00000000       0x30 ..\obj\stm32f4xx_adc.o
 .text.ADC_ITConfig
                0x00000000       0x50 ..\obj\stm32f4xx_adc.o
 .text.ADC_GetFlagStatus
                0x00000000       0x34 ..\obj\stm32f4xx_adc.o
 .text.ADC_ClearFlag
                0x00000000       0x20 ..\obj\stm32f4xx_adc.o
 .text.ADC_GetITStatus
                0x00000000       0x5c ..\obj\stm32f4xx_adc.o
 .text.ADC_ClearITPendingBit
                0x00000000       0x2c ..\obj\stm32f4xx_adc.o
 .text          0x00000000        0x0 ..\obj\stm32f4xx_gpio.o
 .data          0x00000000        0x0 ..\obj\stm32f4xx_gpio.o
 .bss           0x00000000        0x0 ..\obj\stm32f4xx_gpio.o
 .text.GPIO_DeInit
                0x00000000      0x164 ..\obj\stm32f4xx_gpio.o
 .text.GPIO_StructInit
                0x00000000       0x34 ..\obj\stm32f4xx_gpio.o
 .text.GPIO_PinLockConfig
                0x00000000       0x44 ..\obj\stm32f4xx_gpio.o
 .text.GPIO_ReadInputDataBit
                0x00000000       0x34 ..\obj\stm32f4xx_gpio.o
 .text.GPIO_ReadInputData
                0x00000000       0x1c ..\obj\stm32f4xx_gpio.o
 .text.GPIO_ReadOutputDataBit
                0x00000000       0x34 ..\obj\stm32f4xx_gpio.o
 .text.GPIO_ReadOutputData
                0x00000000       0x1c ..\obj\stm32f4xx_gpio.o
 .text.GPIO_SetBits
                0x00000000       0x1c ..\obj\stm32f4xx_gpio.o
 .text.GPIO_ResetBits
                0x00000000       0x1c ..\obj\stm32f4xx_gpio.o
 .text.GPIO_WriteBit
                0x00000000       0x30 ..\obj\stm32f4xx_gpio.o
 .text.GPIO_Write
                0x00000000       0x1c ..\obj\stm32f4xx_gpio.o
 .text.GPIO_ToggleBits
                0x00000000       0x24 ..\obj\stm32f4xx_gpio.o
 .text.GPIO_PinAFConfig
                0x00000000       0x90 ..\obj\stm32f4xx_gpio.o
 .text          0x00000000        0x0 ..\obj\system_stm32f4xx.o
 .data          0x00000000       0x14 ..\obj\system_stm32f4xx.o
 .bss           0x00000000        0x0 ..\obj\system_stm32f4xx.o
 .text.SystemCoreClockUpdate
                0x00000000       0xf8 ..\obj\system_stm32f4xx.o
 .text          0x00000000        0x0 ..\obj\stm32f4xx_dma.o
 .data          0x00000000        0x0 ..\obj\stm32f4xx_dma.o
 .bss           0x00000000        0x0 ..\obj\stm32f4xx_dma.o
 .text.DMA_DeInit
                0x00000000      0x1a4 ..\obj\stm32f4xx_dma.o
 .text.DMA_StructInit
                0x00000000       0x6c ..\obj\stm32f4xx_dma.o
 .text.DMA_PeriphIncOffsetSizeConfig
                0x00000000       0x34 ..\obj\stm32f4xx_dma.o
 .text.DMA_FlowControllerConfig
                0x00000000       0x34 ..\obj\stm32f4xx_dma.o
 .text.DMA_SetCurrDataCounter
                0x00000000       0x1c ..\obj\stm32f4xx_dma.o
 .text.DMA_GetCurrDataCounter
                0x00000000       0x1c ..\obj\stm32f4xx_dma.o
 .text.DMA_DoubleBufferModeConfig
                0x00000000       0x3c ..\obj\stm32f4xx_dma.o
 .text.DMA_DoubleBufferModeCmd
                0x00000000       0x38 ..\obj\stm32f4xx_dma.o
 .text.DMA_MemoryTargetConfig
                0x00000000       0x2c ..\obj\stm32f4xx_dma.o
 .text.DMA_GetCurrentMemoryTarget
                0x00000000       0x30 ..\obj\stm32f4xx_dma.o
 .text.DMA_GetCmdStatus
                0x00000000       0x30 ..\obj\stm32f4xx_dma.o
 .text.DMA_GetFIFOStatus
                0x00000000       0x24 ..\obj\stm32f4xx_dma.o
 .text.DMA_GetFlagStatus
                0x00000000       0x78 ..\obj\stm32f4xx_dma.o
 .text.DMA_ClearFlag
                0x00000000       0x5c ..\obj\stm32f4xx_dma.o
 .text.DMA_GetITStatus
                0x00000000       0xb0 ..\obj\stm32f4xx_dma.o
 .text          0x00000000        0x0 ..\obj\misc.o
 .data          0x00000000        0x0 ..\obj\misc.o
 .bss           0x00000000        0x0 ..\obj\misc.o
 .text.NVIC_PriorityGroupConfig
                0x00000000       0x24 ..\obj\misc.o
 .text.NVIC_SetVectorTable
                0x00000000       0x2c ..\obj\misc.o
 .text.NVIC_SystemLPConfig
                0x00000000       0x40 ..\obj\misc.o
 .text.SysTick_CLKSourceConfig
                0x00000000       0x38 ..\obj\misc.o

Memory Configuration

Name             Origin             Length             Attributes
rom              0x08000000         0x00100000         xr
ram              0x20000000         0x00020000         xrw
ram1             0x10000000         0x00010000         xrw
*default*        0x00000000         0xffffffff

Linker script and memory map

                0x20020000                _eram = 0x20020000

.text           0x08000000      0xe24
 *(.isr_vector)
 .isr_vector    0x08000000      0x1ac ..\obj\startup_stm32f4xx.o
                0x08000000                g_pfnVectors
 *(.text*)
 .text.Default_Reset_Handler
                0x080001ac       0x58 ..\obj\startup_stm32f4xx.o
                0x080001ac                Default_Reset_Handler
                0x080001ac                Reset_Handler
 .text.Default_Handler
                0x08000204        0x8 ..\obj\startup_stm32f4xx.o
                0x08000204                RTC_Alarm_IRQHandler
                0x08000204                HASH_RNG_IRQHandler
                0x08000204                EXTI2_IRQHandler
                0x08000204                TIM8_CC_IRQHandler
                0x08000204                DebugMon_Handler
                0x08000204                UART8_IRQHandler
                0x08000204                SPI4_IRQHandler
                0x08000204                TIM1_CC_IRQHandler
                0x08000204                DMA2_Stream5_IRQHandler
                0x08000204                HardFault_Handler
                0x08000204                DMA1_Stream5_IRQHandler
                0x08000204                SysTick_Handler
                0x08000204                PVD_IRQHandler
                0x08000204                SDIO_IRQHandler
                0x08000204                TAMP_STAMP_IRQHandler
                0x08000204                PendSV_Handler
                0x08000204                NMI_Handler
                0x08000204                CAN2_RX1_IRQHandler
                0x08000204                EXTI3_IRQHandler
                0x08000204                TIM8_TRG_COM_TIM14_IRQHandler
                0x08000204                TIM1_UP_TIM10_IRQHandler
                0x08000204                TIM8_UP_TIM13_IRQHandler
                0x08000204                I2C3_ER_IRQHandler
                0x08000204                EXTI0_IRQHandler
                0x08000204                I2C2_EV_IRQHandler
                0x08000204                DMA1_Stream2_IRQHandler
                0x08000204                CAN1_RX0_IRQHandler
                0x08000204                FPU_IRQHandler
                0x08000204                OTG_HS_WKUP_IRQHandler
                0x08000204                UsageFault_Handler
                0x08000204                LTDC_ER_IRQHandler
                0x08000204                CAN2_SCE_IRQHandler
                0x08000204                SPI1_IRQHandler
                0x08000204                TIM6_DAC_IRQHandler
                0x08000204                TIM1_BRK_TIM9_IRQHandler
                0x08000204                DCMI_IRQHandler
                0x08000204                CAN2_RX0_IRQHandler
                0x08000204                DMA2_Stream3_IRQHandler
                0x08000204                USART6_IRQHandler
                0x08000204                USART3_IRQHandler
                0x08000204                CRYP_IRQHandler
                0x08000204                CAN1_RX1_IRQHandler
                0x08000204                UART5_IRQHandler
                0x08000204                TIM4_IRQHandler
                0x08000204                I2C1_EV_IRQHandler
                0x08000204                DMA1_Stream6_IRQHandler
                0x08000204                DMA1_Stream1_IRQHandler
                0x08000204                UART4_IRQHandler
                0x08000204                TIM3_IRQHandler
                0x08000204                RCC_IRQHandler
                0x08000204                TIM8_BRK_TIM12_IRQHandler
                0x08000204                EXTI15_10_IRQHandler
                0x08000204                ADC_IRQHandler
                0x08000204                DMA1_Stream7_IRQHandler
                0x08000204                SPI5_IRQHandler
                0x08000204                TIM7_IRQHandler
                0x08000204                CAN2_TX_IRQHandler
                0x08000204                TIM5_IRQHandler
                0x08000204                DMA2_Stream7_IRQHandler
                0x08000204                I2C3_EV_IRQHandler
                0x08000204                EXTI9_5_IRQHandler
                0x08000204                RTC_WKUP_IRQHandler
                0x08000204                LTDC_IRQHandler
                0x08000204                ETH_WKUP_IRQHandler
                0x08000204                SPI2_IRQHandler
                0x08000204                OTG_HS_EP1_IN_IRQHandler
                0x08000204                MemManage_Handler
                0x08000204                DMA1_Stream0_IRQHandler
                0x08000204                CAN1_TX_IRQHandler
                0x08000204                SVC_Handler
                0x08000204                EXTI4_IRQHandler
                0x08000204                ETH_IRQHandler
                0x08000204                OTG_HS_EP1_OUT_IRQHandler
                0x08000204                WWDG_IRQHandler
                0x08000204                SPI6_IRQHandler
                0x08000204                TIM2_IRQHandler
                0x08000204                OTG_FS_WKUP_IRQHandler
                0x08000204                TIM1_TRG_COM_TIM11_IRQHandler
                0x08000204                OTG_HS_IRQHandler
                0x08000204                DMA2D_IRQHandler
                0x08000204                EXTI1_IRQHandler
                0x08000204                UART7_IRQHandler
                0x08000204                USART2_IRQHandler
                0x08000204                I2C2_ER_IRQHandler
                0x08000204                CAN1_SCE_IRQHandler
                0x08000204                FLASH_IRQHandler
                0x08000204                DMA2_Stream4_IRQHandler
                0x08000204                BusFault_Handler
                0x08000204                USART1_IRQHandler
                0x08000204                OTG_FS_IRQHandler
                0x08000204                SPI3_IRQHandler
                0x08000204                DMA1_Stream4_IRQHandler
                0x08000204                I2C1_ER_IRQHandler
                0x08000204                FMC_IRQHandler
                0x08000204                DMA2_Stream6_IRQHandler
                0x08000204                SAI1_IRQHandler
                0x08000204                DMA1_Stream3_IRQHandler
 .text.ADC_Config
                0x0800020c      0x2c0 ..\obj\main.o
                0x0800020c                ADC_Config
 .text.DMA2_Stream0_IRQHandler
                0x080004cc       0x24 ..\obj\main.o
                0x080004cc                DMA2_Stream0_IRQHandler
 .text.DMA2_Stream1_IRQHandler
                0x080004f0       0x24 ..\obj\main.o
                0x080004f0                DMA2_Stream1_IRQHandler
 .text.DMA2_Stream2_IRQHandler
                0x08000514       0x24 ..\obj\main.o
                0x08000514                DMA2_Stream2_IRQHandler
 .text.main     0x08000538       0x10 ..\obj\main.o
                0x08000538                main
 .text.RCC_AHB1PeriphClockCmd
                0x08000548       0x3c ..\obj\stm32f4xx_rcc.o
                0x08000548                RCC_AHB1PeriphClockCmd
 .text.RCC_APB2PeriphClockCmd
                0x08000584       0x3c ..\obj\stm32f4xx_rcc.o
                0x08000584                RCC_APB2PeriphClockCmd
 .text.ADC_Init
                0x080005c0       0xa8 ..\obj\stm32f4xx_adc.o
                0x080005c0                ADC_Init
 .text.ADC_CommonInit
                0x08000668       0x50 ..\obj\stm32f4xx_adc.o
                0x08000668                ADC_CommonInit
 .text.ADC_Cmd  0x080006b8       0x38 ..\obj\stm32f4xx_adc.o
                0x080006b8                ADC_Cmd
 .text.ADC_RegularChannelConfig
                0x080006f0      0x194 ..\obj\stm32f4xx_adc.o
                0x080006f0                ADC_RegularChannelConfig
 .text.ADC_SoftwareStartConv
                0x08000884       0x20 ..\obj\stm32f4xx_adc.o
                0x08000884                ADC_SoftwareStartConv
 .text.ADC_DMACmd
                0x080008a4       0x38 ..\obj\stm32f4xx_adc.o
                0x080008a4                ADC_DMACmd
 .text.ADC_DMARequestAfterLastTransferCmd
                0x080008dc       0x38 ..\obj\stm32f4xx_adc.o
                0x080008dc                ADC_DMARequestAfterLastTransferCmd
 .text.GPIO_Init
                0x08000914      0x11c ..\obj\stm32f4xx_gpio.o
                0x08000914                GPIO_Init
 .text.SystemInit
                0x08000a30       0x58 ..\obj\system_stm32f4xx.o
                0x08000a30                SystemInit
 .text.SetSysClock
                0x08000a88      0x128 ..\obj\system_stm32f4xx.o
 .text.DMA_Init
                0x08000bb0       0xac ..\obj\stm32f4xx_dma.o
                0x08000bb0                DMA_Init
 .text.DMA_Cmd  0x08000c5c       0x38 ..\obj\stm32f4xx_dma.o
                0x08000c5c                DMA_Cmd
 .text.DMA_ITConfig
                0x08000c94       0x74 ..\obj\stm32f4xx_dma.o
                0x08000c94                DMA_ITConfig
 .text.DMA_ClearITPendingBit
                0x08000d08       0x5c ..\obj\stm32f4xx_dma.o
                0x08000d08                DMA_ClearITPendingBit
 .text.NVIC_Init
                0x08000d64       0xc0 ..\obj\misc.o
                0x08000d64                NVIC_Init
 *(.init)
 *(.fini)
 *crtbegin.o(.ctors)
 *crtbegin?.o(.ctors)
 *(EXCLUDE_FILE(*crtend.o *crtend?.o) .ctors)
 *(SORT(.ctors.*))
 *(.ctors)
 *crtbegin.o(.dtors)
 *crtbegin?.o(.dtors)
 *(EXCLUDE_FILE(*crtend.o *crtend?.o) .dtors)
 *(SORT(.dtors.*))
 *(.dtors)
 *(.rodata*)
 *(.eh_fram e*)

.glue_7         0x08000e24        0x0
 .glue_7        0x00000000        0x0 linker stubs

.glue_7t        0x08000e24        0x0
 .glue_7t       0x00000000        0x0 linker stubs

.vfp11_veneer   0x08000e24        0x0
 .vfp11_veneer  0x00000000        0x0 linker stubs

.v4_bx          0x08000e24        0x0
 .v4_bx         0x00000000        0x0 linker stubs

.iplt           0x08000e24        0x0
 .iplt          0x00000000        0x0 ..\obj\startup_stm32f4xx.o

.rel.dyn        0x08000e24        0x0
 .rel.iplt      0x00000000        0x0 ..\obj\startup_stm32f4xx.o

.ARM.extab
 *(.ARM.extab* .gnu.linkonce.armextab.*)
                0x08000e24                __exidx_start = .

.ARM.exidx
 *(.ARM.exidx* .gnu.linkonce.armexidx.*)
                0x08000e24                __exidx_end = .
                0x08000e24                __etext = .
                0x08000e24                _sidata = __etext

.data           0x20000000        0x0 load address 0x08000e24
                0x20000000                __data_start__ = .
                0x20000000                _sdata = __data_start__
 *(vtable)
 *(.data*)
                0x20000000                . = ALIGN (0x4)
                0x20000000                PROVIDE (__preinit_array_start, .)
 *(.preinit_array)
                0x20000000                PROVIDE (__preinit_array_end, .)
                0x20000000                . = ALIGN (0x4)
                0x20000000                PROVIDE (__init_array_start, .)
 *(SORT(.init_array.*))
 *(.init_array)
                0x20000000                PROVIDE (__init_array_end, .)
                0x20000000                . = ALIGN (0x4)
                0x20000000                PROVIDE (__fini_array_start, .)
 *(SORT(.fini_array.*))
 *(.fini_array)
                0x20000000                PROVIDE (__fini_array_end, .)
 *(.jcr*)
                0x20000000                . = ALIGN (0x4)
                0x20000000                __data_end__ = .
                0x20000000                _edata = __data_end__

.igot.plt       0x20000000        0x0
 .igot.plt      0x00000000        0x0 ..\obj\startup_stm32f4xx.o

.bss            0x20000000       0x80
                0x20000000                . = ALIGN (0x4)
                0x20000000                __bss_start__ = .
                0x20000000                _sbss = __bss_start__
 *(.bss*)
 .bss           0x20000000        0xc ..\obj\main.o
                0x20000000                ADC1Value
                0x20000004                ADC2Value
                0x20000006                ADC3Value
                0x20000008                counter2
 *(COMMON)
 COMMON         0x2000000c       0x74 ..\obj\main.o
                0x2000000c                counter0
                0x20000010                counter1
                0x20000014                ADC_InitStructure
                0x2000002c                GPIO_InitStructure
                0x20000034                DMA_InitStructure
                0x20000070                ADC_CommonInitStructure
                0x20000080                . = ALIGN (0x4)
                0x20000080                __bss_end__ = .
                0x20000080                _ebss = __bss_end__

.heap           0x20000080        0x0
                0x20000080                __end__ = .
                0x20000080                _end = __end__
                0x20000080                end = __end__
 *(.heap*)
                0x20000080                __HeapLimit = .

.co_stack       0x20000080      0x800
                0x20000080                . = ALIGN (0x8)
 *(.co_stack .co_stack.*)
 .co_stack      0x20000080      0x800 ..\obj\startup_stm32f4xx.o
                0x20000080                pulStack
                0x20020000                __StackTop = (ORIGIN (ram) + 0x20000)
                0x2001f800                __StackLimit = (__StackTop - SIZEOF (.co_stack))
                0x20020000                PROVIDE (__stack, __StackTop)
                0x00000001                ASSERT ((__StackLimit >= __HeapLimit), region ram  overflowed with stack)
LOAD ..\obj\startup_stm32f4xx.o
LOAD ..\obj\main.o
LOAD ..\obj\stm32f4xx_rcc.o
LOAD ..\obj\stm32f4xx_adc.o
LOAD ..\obj\stm32f4xx_gpio.o
LOAD ..\obj\system_stm32f4xx.o
LOAD ..\obj\stm32f4xx_dma.o
LOAD ..\obj\misc.o
START GROUP
LOAD c:/program files (x86)/gnu tools arm embedded/4.9 2015q3/bin/../lib/gcc/arm-none-eabi/4.9.3/armv7e-m\libgcc.a
LOAD c:/program files (x86)/gnu tools arm embedded/4.9 2015q3/bin/../lib/gcc/arm-none-eabi/4.9.3/../../../../arm-none-eabi/lib/armv7e-m\libg.a
LOAD c:/program files (x86)/gnu tools arm embedded/4.9 2015q3/bin/../lib/gcc/arm-none-eabi/4.9.3/../../../../arm-none-eabi/lib/armv7e-m\libc.a
END GROUP
OUTPUT(stm32f429.elf elf32-littlearm)

.debug_info     0x00000000     0x3ce4
 .debug_info    0x00000000       0xed ..\obj\startup_stm32f4xx.o
 .debug_info    0x000000ed      0x977 ..\obj\main.o
 .debug_info    0x00000a64      0xe11 ..\obj\stm32f4xx_rcc.o
 .debug_info    0x00001875      0xc38 ..\obj\stm32f4xx_adc.o
 .debug_info    0x000024ad      0x605 ..\obj\stm32f4xx_gpio.o
 .debug_info    0x00002ab2      0x5bc ..\obj\system_stm32f4xx.o
 .debug_info    0x0000306e      0x739 ..\obj\stm32f4xx_dma.o
 .debug_info    0x000037a7      0x53d ..\obj\misc.o

.debug_abbrev   0x00000000      0xac4
 .debug_abbrev  0x00000000       0xb0 ..\obj\startup_stm32f4xx.o
 .debug_abbrev  0x000000b0      0x151 ..\obj\main.o
 .debug_abbrev  0x00000201      0x1ba ..\obj\stm32f4xx_rcc.o
 .debug_abbrev  0x000003bb      0x196 ..\obj\stm32f4xx_adc.o
 .debug_abbrev  0x00000551      0x1a3 ..\obj\stm32f4xx_gpio.o
 .debug_abbrev  0x000006f4      0x136 ..\obj\system_stm32f4xx.o
 .debug_abbrev  0x0000082a      0x155 ..\obj\stm32f4xx_dma.o
 .debug_abbrev  0x0000097f      0x145 ..\obj\misc.o

.debug_aranges  0x00000000      0x510
 .debug_aranges
                0x00000000       0x28 ..\obj\startup_stm32f4xx.o
 .debug_aranges
                0x00000028       0x40 ..\obj\main.o
 .debug_aranges
                0x00000068      0x1b8 ..\obj\stm32f4xx_rcc.o
 .debug_aranges
                0x00000220      0x148 ..\obj\stm32f4xx_adc.o
 .debug_aranges
                0x00000368       0x88 ..\obj\stm32f4xx_gpio.o
 .debug_aranges
                0x000003f0       0x30 ..\obj\system_stm32f4xx.o
 .debug_aranges
                0x00000420       0xb0 ..\obj\stm32f4xx_dma.o
 .debug_aranges
                0x000004d0       0x40 ..\obj\misc.o

.debug_ranges   0x00000000      0x490
 .debug_ranges  0x00000000       0x18 ..\obj\startup_stm32f4xx.o
 .debug_ranges  0x00000018       0x30 ..\obj\main.o
 .debug_ranges  0x00000048      0x1a8 ..\obj\stm32f4xx_rcc.o
 .debug_ranges  0x000001f0      0x138 ..\obj\stm32f4xx_adc.o
 .debug_ranges  0x00000328       0x78 ..\obj\stm32f4xx_gpio.o
 .debug_ranges  0x000003a0       0x20 ..\obj\system_stm32f4xx.o
 .debug_ranges  0x000003c0       0xa0 ..\obj\stm32f4xx_dma.o
 .debug_ranges  0x00000460       0x30 ..\obj\misc.o

.debug_line     0x00000000     0x1a7f
 .debug_line    0x00000000       0x9d ..\obj\startup_stm32f4xx.o
 .debug_line    0x0000009d      0x2ba ..\obj\main.o
 .debug_line    0x00000357      0x64c ..\obj\stm32f4xx_rcc.o
 .debug_line    0x000009a3      0x556 ..\obj\stm32f4xx_adc.o
 .debug_line    0x00000ef9      0x34d ..\obj\stm32f4xx_gpio.o
 .debug_line    0x00001246      0x210 ..\obj\system_stm32f4xx.o
 .debug_line    0x00001456      0x3e0 ..\obj\stm32f4xx_dma.o
 .debug_line    0x00001836      0x249 ..\obj\misc.o

.debug_str      0x00000000     0x1fff
 .debug_str     0x00000000      0x131 ..\obj\startup_stm32f4xx.o
                                0x143 (size before relaxing)
 .debug_str     0x00000131      0xb7c ..\obj\main.o
                                0xc5c (size before relaxing)
 .debug_str     0x00000cad      0x7de ..\obj\stm32f4xx_rcc.o
                                0x999 (size before relaxing)
 .debug_str     0x0000148b      0x501 ..\obj\stm32f4xx_adc.o
                                0x800 (size before relaxing)
 .debug_str     0x0000198c      0x19f ..\obj\stm32f4xx_gpio.o
                                0x49f (size before relaxing)
 .debug_str     0x00001b2b      0x11b ..\obj\system_stm32f4xx.o
                                0x3c0 (size before relaxing)
 .debug_str     0x00001c46      0x263 ..\obj\stm32f4xx_dma.o
                                0x53e (size before relaxing)
 .debug_str     0x00001ea9      0x156 ..\obj\misc.o
                                0x3ca (size before relaxing)

.comment        0x00000000       0x70
 .comment       0x00000000       0x70 ..\obj\startup_stm32f4xx.o
                                 0x71 (size before relaxing)
 .comment       0x00000000       0x71 ..\obj\main.o
 .comment       0x00000000       0x71 ..\obj\stm32f4xx_rcc.o
 .comment       0x00000000       0x71 ..\obj\stm32f4xx_adc.o
 .comment       0x00000000       0x71 ..\obj\stm32f4xx_gpio.o
 .comment       0x00000000       0x71 ..\obj\system_stm32f4xx.o
 .comment       0x00000000       0x71 ..\obj\stm32f4xx_dma.o
 .comment       0x00000000       0x71 ..\obj\misc.o

.ARM.attributes
                0x00000000       0x33
 .ARM.attributes
                0x00000000       0x33 ..\obj\startup_stm32f4xx.o
 .ARM.attributes
                0x00000033       0x33 ..\obj\main.o
 .ARM.attributes
                0x00000066       0x33 ..\obj\stm32f4xx_rcc.o
 .ARM.attributes
                0x00000099       0x33 ..\obj\stm32f4xx_adc.o
 .ARM.attributes
                0x000000cc       0x33 ..\obj\stm32f4xx_gpio.o
 .ARM.attributes
                0x000000ff       0x33 ..\obj\system_stm32f4xx.o
 .ARM.attributes
                0x00000132       0x33 ..\obj\stm32f4xx_dma.o
 .ARM.attributes
                0x00000165       0x33 ..\obj\misc.o

.debug_frame    0x00000000     0x158c
 .debug_frame   0x00000000       0x4c ..\obj\startup_stm32f4xx.o
 .debug_frame   0x0000004c       0xa8 ..\obj\main.o
 .debug_frame   0x000000f4      0x814 ..\obj\stm32f4xx_rcc.o
 .debug_frame   0x00000908      0x5ec ..\obj\stm32f4xx_adc.o
 .debug_frame   0x00000ef4      0x23c ..\obj\stm32f4xx_gpio.o
 .debug_frame   0x00001130       0x7c ..\obj\system_stm32f4xx.o
 .debug_frame   0x000011ac      0x308 ..\obj\stm32f4xx_dma.o
 .debug_frame   0x000014b4       0xd8 ..\obj\misc.o
